// Jest Snapshot v1, https://goo.gl/fbAQLP

exports[`EpisodePage Component matches the snapshot 1`] = `
<div
  className="sc-iKTcqh gXHfRt"
>
  <div
    className="sc-gnpbhQ krRGqB"
    data-testid="episode-details"
  >
    <button
      className="sc-la-DxNn bcarGq"
      onClick={[Function]}
    >
      &lt; Go Back
    </button>
    <div
      className="sc-dsLQwm hzXjGX"
      data-testid="loading"
    />
  </div>
</div>
`;
