// Jest Snapshot v1, https://goo.gl/fbAQLP

exports[`App Component matches the snapshot 1`] = `
<div
  className="sc-knesRu ilcbuR"
>
  <div
    className="sc-dnaUSb cfHNqg"
  >
    <div
      className="sc-braxZu fZSJS"
      data-testid="show-details"
    >
      <h1
        className="sc-gJhJTp fcsndE"
      >
        The Powerpuff Girls
      </h1>
      <img
        alt="The Powerpuff Girls"
        className="sc-elDIKY RBvBg"
        src="https://static.tvmaze.com/uploads/images/original_untouched/60/151357.jpg"
      />
      <div
        className="sc-fQpRED hMCgaB"
        dangerouslySetInnerHTML={
          Object {
            "__html": "<p>The city of Townsville may be a beautiful, bustling metropolis, but don't be fooled! There's evil afoot! And only three things can keep the bad guys at bay: Blossom, Bubbles and Buttercup, three super-powered little girls, known to their fans (and villains everywhere) as <b>The Powerpuff Girls</b>. Juggling school, bedtimes, and beating up giant monsters may be daunting, but together the Powerpuff Girls are up to the task. Battling a who's who of evil, they show what it really means to \\"fight like a girl.\\"</p>",
          }
        }
      />
      <h2>
        Episodes
      </h2>
      <ul
        className="sc-dsLQwm jVDesc"
      />
    </div>
  </div>
</div>
`;
