// Jest Snapshot v1, https://goo.gl/fbAQLP

exports[`App Component matches the snapshot 1`] = `
<div
  className="sc-iKTcqh lfjulL"
>
  <div
    className="sc-braxZu eDFBTR"
    data-testid="show-details"
  >
    <h1
      className="sc-gJhJTp gnSHxb"
    >
      The Powerpuff Girls
    </h1>
    <img
      alt="The Powerpuff Girls"
      className="sc-elDIKY diMbIQ"
      src="https://static.tvmaze.com/uploads/images/original_untouched/60/151357.jpg"
    />
    <div
      className="sc-fQpRED hMCgaB"
      dangerouslySetInnerHTML={
        Object {
          "__html": "<p>The city of Townsville may be a beautiful, bustling metropolis, but don't be fooled! There's evil afoot! And only three things can keep the bad guys at bay: Blossom, Bubbles and Buttercup, three super-powered little girls, known to their fans (and villains everywhere) as <b>The Powerpuff Girls</b>. Juggling school, bedtimes, and beating up giant monsters may be daunting, but together the Powerpuff Girls are up to the task. Battling a who's who of evil, they show what it really means to \\"fight like a girl.\\"</p>",
        }
      }
    />
    <h2>
      Episodes
    </h2>
    <ul
      className="sc-dsLQwm dKVJYp"
    >
      <li>
        <a
          href="/episode/657308"
        >
          Escape from Monster Island
        </a>
      </li>
      <li>
        <a
          href="/episode/657309"
        >
          Princess Buttercup
        </a>
      </li>
      <li>
        <a
          href="/episode/691590"
        >
          The Stayover
        </a>
      </li>
      <li>
        <a
          href="/episode/691591"
        >
          Painbow
        </a>
      </li>
      <li>
        <a
          href="/episode/691592"
        >
          Horn, Sweet Horn
        </a>
      </li>
      <li>
        <a
          href="/episode/691593"
        >
          Man Up
        </a>
      </li>
      <li>
        <a
          href="/episode/691594"
        >
          Bye Bye, Bellum
        </a>
      </li>
      <li>
        <a
          href="/episode/691595"
        >
          Little Octi Lost
        </a>
      </li>
      <li>
        <a
          href="/episode/691596"
        >
          Strong Armed
        </a>
      </li>
      <li>
        <a
          href="/episode/691597"
        >
          Power Up Puff
        </a>
      </li>
      <li>
        <a
          href="/episode/691598"
        >
          Tiara Trouble
        </a>
      </li>
      <li>
        <a
          href="/episode/691600"
        >
          The Wrinklegruff Gals
        </a>
      </li>
      <li>
        <a
          href="/episode/691601"
        >
          Arachno Romance
        </a>
      </li>
      <li>
        <a
          href="/episode/691602"
        >
          Puffdora's Box
        </a>
      </li>
      <li>
        <a
          href="/episode/770609"
        >
          Blue Ribbon Blues
        </a>
      </li>
      <li>
        <a
          href="/episode/772889"
        >
          Frenemy
        </a>
      </li>
      <li>
        <a
          href="/episode/777840"
        >
          Once Upon a Townsville
        </a>
      </li>
      <li>
        <a
          href="/episode/805275"
        >
          Man Up 2: Still Man-ing
        </a>
      </li>
      <li>
        <a
          href="/episode/820919"
        >
          Viral Spiral
        </a>
      </li>
      <li>
        <a
          href="/episode/831263"
        >
          Bubbles of the Opera
        </a>
      </li>
      <li>
        <a
          href="/episode/831264"
        >
          Sister Sitter
        </a>
      </li>
      <li>
        <a
          href="/episode/882630"
        >
          Odd Bubbles Out
        </a>
      </li>
      <li>
        <a
          href="/episode/904659"
        >
          Presidential Punchout
        </a>
      </li>
      <li>
        <a
          href="/episode/917876"
        >
          Cheep Thrills
        </a>
      </li>
      <li>
        <a
          href="/episode/904660"
        >
          Fashion Forward
        </a>
      </li>
      <li>
        <a
          href="/episode/904661"
        >
          In The Garden of Good and Eddie
        </a>
      </li>
      <li>
        <a
          href="/episode/904662"
        >
          Road Trippin'
        </a>
      </li>
      <li>
        <a
          href="/episode/904663"
        >
          The Big Sleep
        </a>
      </li>
      <li>
        <a
          href="/episode/904664"
        >
          The Secret Life of Blossom Powerpuff
        </a>
      </li>
      <li>
        <a
          href="/episode/942511"
        >
          Halt and Catch Silico
        </a>
      </li>
      <li>
        <a
          href="/episode/948697"
        >
          Secret Swapper of Doom
        </a>
      </li>
      <li>
        <a
          href="/episode/948698"
        >
          Rainy Day
        </a>
      </li>
      <li>
        <a
          href="/episode/948699"
        >
          The Squashening
        </a>
      </li>
      <li>
        <a
          href="/episode/961257"
        >
          Electric Buttercup
        </a>
      </li>
      <li>
        <a
          href="/episode/979337"
        >
          Professor Proofed
        </a>
      </li>
      <li>
        <a
          href="/episode/979338"
        >
          Poorbucks
        </a>
      </li>
      <li>
        <a
          href="/episode/982635"
        >
          Snow Month
        </a>
      </li>
      <li>
        <a
          href="/episode/982636"
        >
          Somewhere Over the Swingset
        </a>
      </li>
      <li>
        <a
          href="/episode/998421"
        >
          People Pleaser
        </a>
      </li>
      <li>
        <a
          href="/episode/1076814"
        >
          The Last Donnycorn
        </a>
      </li>
      <li>
        <a
          href="/episode/1089606"
        >
          Green Wing
        </a>
      </li>
      <li>
        <a
          href="/episode/1090381"
        >
          15 Minutes of Fame
        </a>
      </li>
      <li>
        <a
          href="/episode/1100163"
        >
          Splitsville
        </a>
      </li>
      <li>
        <a
          href="/episode/1104815"
        >
          Clawdad
        </a>
      </li>
      <li>
        <a
          href="/episode/1156710"
        >
          Super Sweet 6
        </a>
      </li>
      <li>
        <a
          href="/episode/1156711"
        >
          A Star Is Blossom
        </a>
      </li>
      <li>
        <a
          href="/episode/1156862"
        >
          Mini Golf Madness
        </a>
      </li>
      <li>
        <a
          href="/episode/1156863"
        >
          Summer Bummer
        </a>
      </li>
      <li>
        <a
          href="/episode/1156864"
        >
          The Tell Tale Schedulebot
        </a>
      </li>
      <li>
        <a
          href="/episode/1201866"
        >
          Musclecup
        </a>
      </li>
      <li>
        <a
          href="/episode/1201867"
        >
          Take Your Kids To Dooms Day
        </a>
      </li>
      <li>
        <a
          href="/episode/1201868"
        >
          The Bubbles-sitters Club
        </a>
      </li>
      <li>
        <a
          href="/episode/1214953"
        >
          Buttercup vs. Math
        </a>
      </li>
      <li>
        <a
          href="/episode/1214954"
        >
          Home, Sweet Homesick
        </a>
      </li>
      <li>
        <a
          href="/episode/1214955"
        >
          Memory Lane of Pain
        </a>
      </li>
      <li>
        <a
          href="/episode/1214956"
        >
          Spider Sense
        </a>
      </li>
      <li>
        <a
          href="/episode/1233374"
        >
          Imagine That
        </a>
      </li>
      <li>
        <a
          href="/episode/1260256"
        >
          Phantasm Chasm
        </a>
      </li>
      <li>
        <a
          href="/episode/1260257"
        >
          Tooth Or Consequences
        </a>
      </li>
      <li>
        <a
          href="/episode/1277371"
        >
          Monkey Love
        </a>
      </li>
      <li>
        <a
          href="/episode/1284764"
        >
          Bridezilla
        </a>
      </li>
      <li>
        <a
          href="/episode/1289834"
        >
          Power of Four: Find Your Bliss
        </a>
      </li>
      <li>
        <a
          href="/episode/1318440"
        >
          Power of Four: Bliss Reminisce
        </a>
      </li>
      <li>
        <a
          href="/episode/1318441"
        >
          Power of Four: Blisster Sister
        </a>
      </li>
      <li>
        <a
          href="/episode/1318442"
        >
          Power of Four: Breaking Bliss
        </a>
      </li>
      <li>
        <a
          href="/episode/1318447"
        >
          Power of Four: Blisstersweet Symphony
        </a>
      </li>
      <li>
        <a
          href="/episode/1319192"
        >
          Midnight At The Mayor's Mansion
        </a>
      </li>
      <li>
        <a
          href="/episode/1355628"
        >
          You're A Good Man, Mojo Jojo
        </a>
      </li>
      <li>
        <a
          href="/episode/1355629"
        >
          The Trouble With Bubbles
        </a>
      </li>
      <li>
        <a
          href="/episode/1430717"
        >
          Never Been Blissed
        </a>
      </li>
      <li>
        <a
          href="/episode/1430719"
        >
          Sugar, Spice, and Super Lice
        </a>
      </li>
      <li>
        <a
          href="/episode/1430720"
        >
          The Buttercup Job
        </a>
      </li>
      <li>
        <a
          href="/episode/1430721"
        >
          A Slight Hiccup
        </a>
      </li>
      <li>
        <a
          href="/episode/1430722"
        >
          Toy Ploy
        </a>
      </li>
      <li>
        <a
          href="/episode/1430723"
        >
          Derby Dollies
        </a>
      </li>
      <li>
        <a
          href="/episode/1430724"
        >
          Bubbles the Blue
        </a>
      </li>
      <li>
        <a
          href="/episode/1454433"
        >
          Deb O'Nair
        </a>
      </li>
      <li>
        <a
          href="/episode/1471719"
        >
          Man Up 3: The Good, The Bad, and the Manly
        </a>
      </li>
      <li>
        <a
          href="/episode/1454436"
        >
          The Blossom Files
        </a>
      </li>
      <li>
        <a
          href="/episode/1471716"
        >
          Aliver
        </a>
      </li>
      <li>
        <a
          href="/episode/1454434"
        >
          Not So Secret Service
        </a>
      </li>
      <li>
        <a
          href="/episode/1454435"
        >
          Worship
        </a>
      </li>
      <li>
        <a
          href="/episode/1471715"
        >
          Blossom3
        </a>
      </li>
      <li>
        <a
          href="/episode/1471717"
        >
          Mojo the Great
        </a>
      </li>
      <li>
        <a
          href="/episode/1471709"
        >
          Trouble Clef
        </a>
      </li>
      <li>
        <a
          href="/episode/1471710"
        >
          Save the Date
        </a>
      </li>
      <li>
        <a
          href="/episode/1471711"
        >
          Can't Buy Love
        </a>
      </li>
      <li>
        <a
          href="/episode/1471712"
        >
          Largo
        </a>
      </li>
      <li>
        <a
          href="/episode/1471713"
        >
          Blundercup
        </a>
      </li>
      <li>
        <a
          href="/episode/1471714"
        >
          Ragnarock and Roll
        </a>
      </li>
      <li>
        <a
          href="/episode/1502843"
        >
          Total Eclipse Of The Kart, Parts 1 & 2
        </a>
      </li>
      <li>
        <a
          href="/episode/1502844"
        >
          The Long Skate Home
        </a>
      </li>
      <li>
        <a
          href="/episode/1502845"
        >
          Quarantine
        </a>
      </li>
      <li>
        <a
          href="/episode/1502846"
        >
          In The Doghouse
        </a>
      </li>
      <li>
        <a
          href="/episode/1502847"
        >
          Salamander
        </a>
      </li>
      <li>
        <a
          href="/episode/1518396"
        >
          Small World: Abra-disaster
        </a>
      </li>
      <li>
        <a
          href="/episode/1518397"
        >
          Small World: Stone Cold Spider
        </a>
      </li>
      <li>
        <a
          href="/episode/1518398"
        >
          Small World: Maze Daze
        </a>
      </li>
      <li>
        <a
          href="/episode/1518399"
        >
          Small World: Heart To Heartstone
        </a>
      </li>
      <li>
        <a
          href="/episode/1536459"
        >
          Witch's Crew
        </a>
      </li>
      <li>
        <a
          href="/episode/1567719"
        >
          The Gift
        </a>
      </li>
      <li>
        <a
          href="/episode/1615024"
        >
          Oh, Daisy!
        </a>
      </li>
      <li>
        <a
          href="/episode/1615025"
        >
          Brain Freeze
        </a>
      </li>
      <li>
        <a
          href="/episode/1615026"
        >
          Lights Out!
        </a>
      </li>
      <li>
        <a
          href="/episode/1615027"
        >
          Bucketboy!
        </a>
      </li>
      <li>
        <a
          href="/episode/1615028"
        >
          The Fog
        </a>
      </li>
      <li>
        <a
          href="/episode/1615029"
        >
          The Spoon
        </a>
      </li>
      <li>
        <a
          href="/episode/1629436"
        >
          Cat Burglar
        </a>
      </li>
      <li>
        <a
          href="/episode/1629437"
        >
          Hustlecup
        </a>
      </li>
      <li>
        <a
          href="/episode/1629438"
        >
          Rebel Rebel
        </a>
      </li>
      <li>
        <a
          href="/episode/1629439"
        >
          Our Brand is Chaos
        </a>
      </li>
      <li>
        <a
          href="/episode/1629440"
        >
          Tagalong
        </a>
      </li>
      <li>
        <a
          href="/episode/1629441"
        >
          Brainlord
        </a>
      </li>
      <li>
        <a
          href="/episode/1629442"
        >
          Checkin' Out!
        </a>
      </li>
      <li>
        <a
          href="/episode/1629443"
        >
          Drama Bomb
        </a>
      </li>
      <li>
        <a
          href="/episode/1643954"
        >
          Watch It!
        </a>
      </li>
      <li>
        <a
          href="/episode/1643951"
        >
          Man Up 4: The Donnyest Game
        </a>
      </li>
      <li>
        <a
          href="/episode/1662009"
        >
          The Oct-father
        </a>
      </li>
      <li>
        <a
          href="/episode/1662010"
        >
          Sideline Dad
        </a>
      </li>
    </ul>
  </div>
</div>
`;
